Wed Jan 27 18:45:27 CET 2016  : RunTime.RunStr running rman target / @/tmp/RMAN_arch_backupset-3-1.rcv
Wed Jan 27 18:51:10 CET 2016  : RunTime.RunStr failed  and return code: <256>
Wed Jan 27 18:51:10 CET 2016  : Main: some error on rman action <
 Recovery Manager: Release 11.2.0.4.0 - Production on Wed Jan 27 18:45:27 2016

 Copyright (c) 1982, 2011, Oracle and/or its affiliates.  All rights reserved.

 connected to target database: EDHP (DBID=3404790697)

 RMAN> backup tag 'EDHP2016-01-27T18:39:44' backupset 366089,366090,366092,366093,366095,366096,366098,366099,366101,366102 format '%d_%T_%t_%U_T_arch';
 2>
 Starting backup at 27-JAN-2016 18:45:27
 using target database control file instead of recovery catalog
 allocated channel: ORA_SBT_TAPE_1
 channel ORA_SBT_TAPE_1: SID=3415 instance=EDHP1 device type=SBT_TAPE
 channel ORA_SBT_TAPE_1: Data Protection for Oracle: version 6.3.0.0
 allocated channel: ORA_SBT_TAPE_2
 channel ORA_SBT_TAPE_2: SID=3838 instance=EDHP1 device type=SBT_TAPE
 channel ORA_SBT_TAPE_2: Data Protection for Oracle: version 6.3.0.0
 channel ORA_SBT_TAPE_1: input backup set: count=369549, stamp=902209641, piece=1
 channel ORA_SBT_TAPE_1: starting piece 1 at 27-JAN-2016 18:45:43
 channel ORA_SBT_TAPE_1: backup piece /backup/dbs02/EDHP/EDHP_20160127_sdqsd839_1_1_arch
 channel ORA_SBT_TAPE_2: input backup set: count=369548, stamp=902209641, piece=1
 channel ORA_SBT_TAPE_2: starting piece 1 at 27-JAN-2016 18:45:43
 channel ORA_SBT_TAPE_2: backup piece /backup/dbs01/EDHP/EDHP_20160127_scqsd839_1_1_arch
 RMAN-03009: failure of backup command on ORA_SBT_TAPE_1 channel at 01/27/2016 18:51:08
 RMAN-00569: =============== ERROR MESSAGE STACK FOLLOWS ===============

 ORA-27028: skgfqcre: sbtbackup returned error
 ORA-19511: Error received from media manager layer, error text:
    ANS1017E (RC-50)  Session rejected: TCP/IP connection failure.
 ORA-19600: input file is backup piece  (/backup/dbs01/EDHP/EDHP_20160127_scqsd839_1_1_arch)


 Recovery Manager complete.
>